[backblue.gif]
[fade.gif]
[index.html]
[benjamincouprie3.wixsite.com/my-site-2/index.html]
[benjamincouprie3.wixsite.com/my-site-2.html]
[static.parastorage.com/unpkg/core-js-bundle@3.2.1/minified.js]
[static.parastorage.com/unpkg/focus-within-polyfill@5.0.9/dist/focus-within-polyfill.js]
[polyfill.io/v3/polyfill.mind82c.js]
[benjamincouprie3.wixsite.com/my-site-2/decodeURIComponent(e]
[browser.sentry-cdn.com/5.21.4/bundle.min.js]
[benjamincouprie3.wixsite.com/my-site-2/https_]
[benjamincouprie3.wixsite.com/my-site-2/robots.txt]
[benjamincouprie3.wixsite.com/my-site-2/sitemap.xml]
[benjamincouprie3.wixsite.com/my-site-2/feed.xml]
[static.parastorage.com/services/wix-thunderbolt/dist/bootstrap-features.6c5ec0f6.chunk.min.js]
[static.parastorage.com/services/wix-thunderbolt/dist/main.522d5457.chunk.min.js]
[static.parastorage.com/unpkg/lodash@4.17.15/lodash.min.js]
[static.parastorage.com/services/wix-thunderbolt/dist/wix-code-sdk-providers.fd1ec723.chunk.min.js]
[static.parastorage.com/services/wix-thunderbolt/dist/siteMembers.27394d84.chunk.min.js]
[static.parastorage.com/services/wix-thunderbolt/dist/tpaCommons.a95f1bb8.chunk.min.js]
[static.parastorage.com/services/wix-thunderbolt/dist/windowMessageRegistrar.ea0d28b2.chunk.min.js]
[static.parastorage.com/services/wix-thunderbolt/dist/platform.96c1bcee.chunk.min.js]
[static.parastorage.com/services/editor-elements/dist/componentSdks.35cab844.bundle.min.js]
[static.parastorage.com/services/tag-manager-client/1.282.0/siteTags.bundle.min.js]
[static.parastorage.com/services/editor-elements/dist/thunderboltElements.1f6febfb.bundle.min.js]
[benjamincouprie3.wixsite.com/my-site-2/$&/index.html]
[static.parastorage.com/services/wix-perf-measure/1.401.0/wix-perf-measure.bundle.min.js]
[static.parastorage.com/services/wix-thunderbolt/dist/vendors_vendor-react-dom.dcd6ec7e.chunk.min.js]
[benjamincouprie3.wixsite.com/index.html]
[static.parastorage.com/services/wix-thunderbolt/dist/vendor-react-dom.76967059.chunk.min.js]
[static.parastorage.com/services/wix-thunderbolt/dist/animations-vendors.3bcc6429.chunk.min.js]
[static.parastorage.com/services/wix-thunderbolt/dist/activePopup.136b0eba.chunk.min.js]
[static.parastorage.com/services/wix-thunderbolt/dist/scrollRestoration.2f4c2710.chunk.min.js]
[static.parastorage.com/services/wix-thunderbolt/dist/pageTransitions.6beaf3b3.chunk.min.js]
[static.parastorage.com/services/wix-thunderbolt/dist/scrollToAnchor.45ac6902.chunk.min.js]
[static.parastorage.com/services/wix-thunderbolt/dist/windowScroll.dc9d2f28.chunk.min.js]
[static.parastorage.com/services/editor-elements/dist/bootstrap-components-common.0edf730c.chunk.min.js]
[static.parastorage.com/services/editor-elements/dist/bootstrap-components-classic.e02d6e99.chunk.min.js]
[static.parastorage.com/services/editor-elements/dist/bootstrap-components-responsive.a5120549.chunk.min.js]
[static.parastorage.com/services/editor-elements/dist/FreemiumBannerDesktop.99701861.chunk.min.js]
[benjamincouprie3.wixsite.com/my-site-2/la-célébraton.html]
[benjamincouprie3.wixsite.com/my-site-2/la-réception.html]
[benjamincouprie3.wixsite.com/my-site-2/où-loger.html]
[benjamincouprie3.wixsite.com/my-site-2/copie-de-la-célébration.html]
[benjamincouprie3.wixsite.com/my-site-2/liste-de-mariage.html]
[benjamincouprie3.wixsite.com/my-site-2/rsvp.html]
[static.wixstatic.com/media/81cf2c_743f1d26cebe40fa983d6d435fd41385_mv2.jpg/v1/fill/w_245,h_144,al_c,q_80,usm_0.66_1.00_0.01,blur_2/81cf2c_743f1d26cebe40fa983d6d435fd41385_mv2.jpg]
[benjamincouprie3.wixsite.com/my-site-2.html]
[benjamincouprie3.wixsite.com/my-site-2/decodeURIComponent(e.html]
[benjamincouprie3.wixsite.com/my-site-2/https_.html]
[benjamincouprie3.wixsite.com/my-site-2/robots.html]
[benjamincouprie3.wixsite.com/my-site-2/feed.html]
[benjamincouprie3.wixsite.com/my-site-2/$&/index.html]
[benjamincouprie3.wixsite.com/index.html]
[static.parastorage.com/unpkg/react@16.13.1/umd/react.production.min.js]
[static.parastorage.com/unpkg/react-dom@16.13.1/umd/react-dom.production.min.js]
[static.wixstatic.com/media/81cf2c_a19dbdd036ef4f728480e4d2f6a57ad2_mv2.jpg/v1/fill/w_120,h_160,al_c,q_80,usm_0.66_1.00_0.01,blur_2/Saint Nicolas.jpg]
[static.wixstatic.com/media/81cf2c_0b03100061d4437ab9c725b0dc19068b_mv2.png/v1/fill/w_91,h_91,al_c,usm_0.66_1.00_0.01,blur_3/voiture-blanc_edited.png]
[benjamincouprie3.wixsite.com/my-site-2/la-célébraton.html]
[static.parastorage.com/services/editor-elements/dist/GoogleMap.d90abc98.chunk.min.js]
[static.parastorage.com/services/editor-elements/dist/media/sloppyframe.d6793e19.png]
[static.wixstatic.com/media/81cf2c_04fd6323424c4e6a9014474225a34f03_mv2.jpg/v1/fill/w_184,h_123,al_c,q_80,usm_0.66_1.00_0.01,blur_2/Rousselière.jpg]
[benjamincouprie3.wixsite.com/my-site-2/la-réception.html]
[static.parastorage.com/services/wix-thunderbolt/dist/reducedMotion.e5819624.chunk.min.js]
[static.parastorage.com/services/editor-elements/dist/Container_DefaultAreaSkin.3af46fa0.chunk.min.js]
[static.parastorage.com/services/editor-elements/dist/SlideShowContainer_StateBox.5601c961.chunk.min.js]
[static.parastorage.com/services/editor-elements/dist/SlideShowContainer.4210c9b7.chunk.min.js]
[static.parastorage.com/services/editor-elements/dist/SlideShowSlide.9ac42fe7.chunk.min.js]
[static.wixstatic.com/media/81cf2c_64fbdd28adfc4bc19ad1d7fd1f4ae542_mv2.jpg/v1/fill/w_245,h_138,al_c,q_80,usm_0.66_1.00_0.01,blur_2/81cf2c_64fbdd28adfc4bc19ad1d7fd1f4ae542_mv2.jpg]
[static.wixstatic.com/media/81cf2c_d7c26608f9c847818609e78b9e95696d_mv2.jpg/v1/fill/w_154,h_115,al_c,q_80,usm_0.66_1.00_0.01,blur_2/Camping du Migron.jpg]
[static.wixstatic.com/media/81cf2c_77e59bc7200e4254bcf74a5ed9d61d02_mv2.jpg/v1/fill/w_154,h_115,al_c,q_80,usm_0.66_1.00_0.01,blur_2/81cf2c_77e59bc7200e4254bcf74a5ed9d61d02_mv2.jpg]
[benjamincouprie3.wixsite.com/my-site-2/où-loger.html]
[static.wixstatic.com/media/81cf2c_54ef9e8901dc40859b3d15218318666e_mv2.jpg/v1/fill/w_104,h_70,al_c,q_80,usm_0.66_1.00_0.01,blur_2/Fraiseraie Pornic.jpg]
[static.wixstatic.com/media/81cf2c_c08fa97798694b6a9dc91f35308aec27_mv2.jpg/v1/fill/w_104,h_70,al_c,q_80,usm_0.66_1.00_0.01,blur_2/Éléphant Nantes.jpg]
[static.wixstatic.com/media/81cf2c_8043939482434a55b193d663e1f51509_mv2.jpg/v1/fill/w_104,h_70,al_c,q_80,usm_0.66_1.00_0.01,blur_2/Église Saint Brévin.jpg]
[benjamincouprie3.wixsite.com/my-site-2/copie-de-la-célébration.html]
[static.parastorage.com/services/editor-elements/dist/thunderboltElements.1369d564.bundle.min.js]
[static.parastorage.com/services/editor-elements/dist/bootstrap-components-common.ae76d067.chunk.min.js]
[static.parastorage.com/services/editor-elements/dist/bootstrap-components-classic.91696ec5.chunk.min.js]
[static.parastorage.com/services/editor-elements/dist/bootstrap-components-responsive.b6e0f931.chunk.min.js]
[static.parastorage.com/services/editor-elements/dist/FreemiumBannerDesktop.604dddb2.chunk.min.js]
[benjamincouprie3.wixsite.com/my-site-2/liste-de-mariage.html]
[static.wixstatic.com/media/81cf2c_c694e64e80c04154b3d09ab1fb5b6fbe_mv2.jpg/v1/fill/w_245,h_138,al_c,q_80,usm_0.66_1.00_0.01,blur_2/81cf2c_c694e64e80c04154b3d09ab1fb5b6fbe_mv2.jpg]
[benjamincouprie3.wixsite.com/my-site-2/rsvp.html]
